// Jest Snapshot v1, https://goo.gl/fbAQLP

exports[`AddRecipe Component renders the UI as expected 1`] = `
<div
  className="add-recipe-container"
>
  <h3>
    New Recipe
  </h3>
  <form
    className="add-recipe-form"
    onSubmit={[Function]}
  >
    <section
      className="name"
    >
      <label
        htmlFor="name"
      >
        Recipe Name: 
      </label>
      <input
        aria-label="recipe name"
        name="name"
        onChange={[Function]}
        placeholder="recipe name"
        required={true}
        type="text"
      />
    </section>
    <section
      className="url"
    >
      <label
        htmlFor="url"
      >
        Recipe URL: 
      </label>
      <input
        aria-label="recipe url"
        name="url"
        onChange={[Function]}
        placeholder="https://www.recipe.com"
        required={true}
        type="url"
      />
    </section>
    <section
      className="notes"
    >
      <label
        htmlFor="notes"
      >
        Notes: 
      </label>
      <textarea
        aria-label="Modifications for next time? Likes? Dislikes?"
        cols="30"
        name="notes"
        onChange={[Function]}
        placeholder="Modifications for next time? Likes? Dislikes?"
        required={true}
        rows="5"
      />
    </section>
    <section
      className="url"
    >
      <label
        htmlFor="img-url"
      >
        Image URL: (or leave blank to use a default image)
      </label>
      <input
        aria-label="add image url or leave blank to use a default image"
        name="img-url"
        onChange={[Function]}
        placeholder="https://www.recipe.com"
        type="url"
      />
    </section>
    <section
      className="buttons"
    >
      <a
        href="/my-recipes"
        onClick={[Function]}
      >
        <button>
          Cancel
        </button>
      </a>
      <button
        type="submit"
      >
        Save
      </button>
    </section>
  </form>
</div>
`;
