// Jest Snapshot v1, https://goo.gl/fbAQLP

exports[`LandingPage Component renders the UI as expected 1`] = `
<div
  className="landing-page-container"
>
  <p
    className="landing-page-info"
  >
    RecipeNest is a platform created to help keep track of notes for virtual recipes.
  </p>
  <p
    className="landing-page-info"
  >
    Once you are logged in, the app allows you to...
  </p>
  <ul
    className="landing-page-list"
  >
    <li
      className="landing-page-li"
    >
      Access your own saved recipe notes.
    </li>
    <li
      className="landing-page-li"
    >
      Edit, delete, and add your own recipe notes.
    </li>
  </ul>
  <p
    className="landing-page-info"
  >
    Initially, you will be prompted to login - feel free to Sign Up to create your own account or use the demo credientials below. 
  </p>
  <p
    className="demo-creds"
  >
    Username: demo
  </p>
  <p
    className="demo-creds"
  >
    Password: Password0!
  </p>
  <p
    className="landing-page-info"
  >
    To view a saved recipe, simply click on the recipe.
  </p>
  <p
    className="landing-page-info"
  >
    To add a new recipe, click on the '+' button.
  </p>
  <br />
  <p
    className="landing-page-info"
  >
    If you choose to sign up for an account, keep in mind that you need to add recipe notes in order to see anything on the My Recipes page!!
  </p>
  <div
    className="landing-page-button-container"
  >
    <a
      href="/login"
      onClick={[Function]}
    >
      <button
        className="landing-page-button"
      >
        Get Started!
      </button>
    </a>
  </div>
</div>
`;
