// Jest Snapshot v1, https://goo.gl/fbAQLP

exports[`RecipeList Component renders the UI as expected 1`] = `
<div>
  <ul
    className="recipe-list"
  />
  <div
    className="container"
  />
  <div
    className="pagination"
  >
    <p>
      Page 1 ... 
      <button>
        &gt;&gt;
      </button>
    </p>
  </div>
</div>
`;
