// Jest Snapshot v1, https://goo.gl/fbAQLP

exports[`LoginPage Component renders the UI as expected 1`] = `
Array [
  <h3>
    Login!
  </h3>,
  <p
    className="login-demo-creds"
  >
    Demo Username: demo
  </p>,
  <p
    className="login-demo-creds"
  >
    Demo Password: Password0!
  </p>,
  <form
    className="login-form"
    onSubmit={[Function]}
  >
    <section
      className="username"
    >
      <label
        htmlFor="username"
      >
        Username: 
      </label>
      <input
        autoComplete="on"
        onChange={[Function]}
        placeholder="username"
        required={true}
        type="text"
      />
    </section>
    <section
      className="password"
    >
      <label
        htmlFor="password"
      >
        Password: 
      </label>
      <input
        autoComplete="on"
        onChange={[Function]}
        placeholder="password"
        required={true}
        type="password"
      />
    </section>
    <section
      className="buttons"
    >
      <button
        className="cancel-button"
        type="submit"
      >
        Login
      </button>
      <a
        href="/signup"
        onClick={[Function]}
      >
        <button
          className="sign-up-button"
        >
          Sign Up
        </button>
      </a>
      <a
        href="/"
        onClick={[Function]}
      >
        <button
          className="save-button"
        >
          Cancel
        </button>
      </a>
    </section>
  </form>,
]
`;
