// Jest Snapshot v1, https://goo.gl/fbAQLP

exports[`MyRecipes Component renders the UI as expected 1`] = `
Array [
  <h3>
    My Recipes
  </h3>,
  <ul
    className="my-recipes-list"
  >
    <p>
      It looks like you haven't saved any recipe notes yet! Please enter a recipe note by clicking on the '+' button to get started!
    </p>
  </ul>,
  <div
    className="container"
  >
    <a
      href="/addRecipe"
      onClick={[Function]}
    >
      <button
        className="add-button"
      >
        +
      </button>
    </a>
  </div>,
]
`;
